This is cutadapt 4.9 with Python 3.12.8
Command line parameters: -j 8 --no-indels --trimmed-only -a file:config/barcodes.fa -m 10 -o data/trimmed/EV22004.R1/tmp_demux/{name}.fastq.gz -
Building index of 8 adapters ...
Built an index containing 8 strings in 0.0 s.
Processing single-end reads on 8 cores ...
Finished in 113.216 s (11.063 µs/read; 5.42 M reads/minute).

=== Summary ===

Total reads processed:              10,233,461
Reads with adapters:                 9,853,826 (96.3%)

== Read fate breakdown ==
Reads that were too short:           1,682,497 (16.4%)
Reads discarded as untrimmed:          379,635 (3.7%)
Reads written (passing filters):     8,171,329 (79.8%)

Total basepairs processed:   401,067,286 bp
Total written (filtered):    322,304,785 bp (80.4%)

=== Adapter I1 ===

Sequence: ATCGT; Type: anchored 3'; Length: 5; Trimmed: 6759 times

No. of allowed errors: 0

Bases preceding removed adapters:
  A: 17.7%
  C: 23.7%
  G: 27.2%
  T: 31.3%
  none/other: 0.0%

Overview of removed sequences
length	count	expect	max.err	error counts
5	6759	9993.6	0	6759


=== Adapter I2 ===

Sequence: AGCTA; Type: anchored 3'; Length: 5; Trimmed: 2248 times

No. of allowed errors: 0

Bases preceding removed adapters:
  A: 17.8%
  C: 16.5%
  G: 32.1%
  T: 33.5%
  none/other: 0.0%

Overview of removed sequences
length	count	expect	max.err	error counts
5	2248	9993.6	0	2248


=== Adapter I3 ===

Sequence: GCATA; Type: anchored 3'; Length: 5; Trimmed: 42525 times

No. of allowed errors: 0

Bases preceding removed adapters:
  A: 19.7%
  C: 20.5%
  G: 33.7%
  T: 26.1%
  none/other: 0.0%

Overview of removed sequences
length	count	expect	max.err	error counts
5	42525	9993.6	0	42525


=== Adapter I4 ===

Sequence: TCTAG; Type: anchored 3'; Length: 5; Trimmed: 602 times

No. of allowed errors: 0

Bases preceding removed adapters:
  A: 16.6%
  C: 18.6%
  G: 38.4%
  T: 26.4%
  none/other: 0.0%

Overview of removed sequences
length	count	expect	max.err	error counts
5	602	9993.6	0	602


=== Adapter I5 ===

Sequence: ACAGT; Type: anchored 3'; Length: 5; Trimmed: 3547671 times

No. of allowed errors: 0

Bases preceding removed adapters:
  A: 17.9%
  C: 18.8%
  G: 33.1%
  T: 30.2%
  none/other: 0.0%

Overview of removed sequences
length	count	expect	max.err	error counts
5	3547671	9993.6	0	3547671


=== Adapter I6 ===

Sequence: TAGCT; Type: anchored 3'; Length: 5; Trimmed: 5916 times

No. of allowed errors: 0

Bases preceding removed adapters:
  A: 19.2%
  C: 16.2%
  G: 32.8%
  T: 31.8%
  none/other: 0.0%

Overview of removed sequences
length	count	expect	max.err	error counts
5	5916	9993.6	0	5916


=== Adapter I7 ===

Sequence: ACTGA; Type: anchored 3'; Length: 5; Trimmed: 2419 times

No. of allowed errors: 0

Bases preceding removed adapters:
  A: 15.0%
  C: 21.7%
  G: 32.4%
  T: 30.9%
  none/other: 0.0%

Overview of removed sequences
length	count	expect	max.err	error counts
5	2419	9993.6	0	2419


=== Adapter I8 ===

Sequence: TGTCA; Type: anchored 3'; Length: 5; Trimmed: 6245686 times

No. of allowed errors: 0

Bases preceding removed adapters:
  A: 20.6%
  C: 19.4%
  G: 26.5%
  T: 33.5%
  none/other: 0.0%

Overview of removed sequences
length	count	expect	max.err	error counts
5	6245686	9993.6	0	6245686
