This is cutadapt 4.9 with Python 3.12.8
Command line parameters: -j 8 --no-indels -q 30,30 --trimmed-only -a CTGTAGGCACCATCAAT -e 0.15 -m 10 data/EV22004.R1.fastq.gz
Processing single-end reads on 8 cores ...
Finished in 112.342 s (9.316 µs/read; 6.44 M reads/minute).

=== Summary ===

Total reads processed:              12,059,026
Reads with adapters:                10,323,362 (85.6%)

== Read fate breakdown ==
Reads that were too short:             342,548 (2.8%)
Reads written (passing filters):    10,233,461 (84.9%)

Total basepairs processed: 1,688,263,640 bp
Quality-trimmed:             181,395,609 bp (10.7%)
Total written (filtered):    401,067,286 bp (23.8%)

=== Adapter 1 ===

Sequence: CTGTAGGCACCATCAAT; Type: regular 3'; Length: 17; Trimmed: 10323362 times

Minimum overlap: 3
No. of allowed errors:
1-5 bp: 0; 6-12 bp: 1; 13-17 bp: 2

Bases preceding removed adapters:
  A: 62.8%
  C: 0.6%
  G: 0.3%
  T: 36.3%
  none/other: 0.0%

Overview of removed sequences
length	count	expect	max.err	error counts
3	7318	188422.3	0	7318
4	5316	47105.6	0	5316
5	5649	11776.4	0	5649
6	5553	2944.1	0	5553
7	6092	736.0	1	5777 315
8	4246	184.0	1	3946 300
9	8577	46.0	1	8354 223
10	8897	11.5	1	8648 249
11	6528	2.9	1	6118 410
12	11017	0.7	1	10559 458
13	12008	0.2	1	11527 481
14	15395	0.0	2	14746 508 141
15	34709	0.0	2	33413 1056 240
16	6743	0.0	2	6108 452 183
17	17569	0.0	2	16798 621 150
18	4680	0.0	2	4292 307 81
19	3796	0.0	2	3496 206 94
20	3791	0.0	2	3443 233 115
21	5410	0.0	2	4700 458 252
22	12901	0.0	2	12019 711 171
23	10509	0.0	2	9876 536 97
24	2975	0.0	2	2697 239 39
25	3327	0.0	2	2366 449 512
26	36739	0.0	2	34749 1719 271
27	16829	0.0	2	15521 1070 238
28	12725	0.0	2	11892 719 114
29	3835	0.0	2	3304 445 86
30	4635	0.0	2	4269 270 96
31	4250	0.0	2	3750 399 101
32	4886	0.0	2	4128 453 305
33	15122	0.0	2	12530 1448 1144
34	65477	0.0	2	62276 2928 273
35	10871	0.0	2	9593 993 285
36	12790	0.0	2	11475 1044 271
37	14153	0.0	2	12303 1394 456
38	22446	0.0	2	21033 1337 76
39	2363	0.0	2	1840 370 153
40	10123	0.0	2	8840 1122 161
41	7665	0.0	2	6601 744 320
42	22244	0.0	2	20492 1554 198
43	7990	0.0	2	6968 739 283
44	13734	0.0	2	12432 1092 210
45	10808	0.0	2	8828 1222 758
46	48543	0.0	2	44210 3540 793
47	42665	0.0	2	40572 1930 163
48	7626	0.0	2	6790 673 163
49	9110	0.0	2	7786 1028 296
50	21869	0.0	2	18516 2206 1147
51	96239	0.0	2	88482 7200 557
52	20677	0.0	2	18986 1360 331
53	19764	0.0	2	18031 1436 297
54	18132	0.0	2	16102 1499 531
55	34835	0.0	2	30682 2967 1186
56	85473	0.0	2	80170 4656 647
57	35449	0.0	2	29848 3647 1954
58	127030	0.0	2	116255 8159 2616
59	180694	0.0	2	167650 10870 2174
60	103768	0.0	2	95437 6355 1976
61	108602	0.0	2	93348 9466 5788
62	432719	0.0	2	406961 22365 3393
63	225206	0.0	2	209748 12051 3407
64	232054	0.0	2	210229 14124 7701
65	597837	0.0	2	573187 22448 2202
66	109260	0.0	2	104073 4483 704
67	27654	0.0	2	24744 1978 932
68	63504	0.0	2	59896 2947 661
69	52858	0.0	2	49773 2606 479
70	22858	0.0	2	19427 2352 1079
71	45466	0.0	2	41813 2897 756
72	25587	0.0	2	23569 1505 513
73	31311	0.0	2	29138 1674 499
74	37384	0.0	2	33942 2449 993
75	61863	0.0	2	57401 3107 1355
76	39578	0.0	2	36965 2104 509
77	12449	0.0	2	11088 943 418
78	20411	0.0	2	19033 1097 281
79	9514	0.0	2	8730 591 193
80	7792	0.0	2	6936 638 218
81	9230	0.0	2	8525 509 196
82	10988	0.0	2	10377 485 126
83	6193	0.0	2	5628 373 192
84	7435	0.0	2	6810 426 199
85	10426	0.0	2	9514 642 270
86	32496	0.0	2	29752 2039 705
87	14391	0.0	2	13049 1043 299
88	12136	0.0	2	10996 870 270
89	13502	0.0	2	12177 1087 238
90	12362	0.0	2	10883 1242 237
91	13028	0.0	2	11210 1534 284
92	17132	0.0	2	14287 2397 448
93	30738	0.0	2	25116 4651 971
94	110552	0.0	2	95209 11868 3475
95	300126	0.0	2	269314 22645 8167
96	305963	0.0	2	276161 22550 7252
97	500440	0.0	2	454315 34918 11207
98	666428	0.0	2	612047 40150 14231
99	541864	0.0	2	495487 34845 11532
100	514168	0.0	2	471322 32268 10578
101	448488	0.0	2	411369 28133 8986
102	251173	0.0	2	228760 17345 5068
103	207455	0.0	2	188071 15242 4142
104	169777	0.0	2	155997 10721 3059
105	167272	0.0	2	156827 7785 2660
106	216487	0.0	2	202420 10839 3228
107	121519	0.0	2	113063 6634 1822
108	99689	0.0	2	92688 5669 1332
109	56946	0.0	2	52211 3887 848
110	44670	0.0	2	40953 3062 655
111	38950	0.0	2	34780 3529 641
112	35652	0.0	2	32192 2906 554
113	24091	0.0	2	21975 1719 397
114	17297	0.0	2	15181 1815 301
115	13299	0.0	2	12068 1027 204
116	10750	0.0	2	9851 740 159
117	7438	0.0	2	7003 336 99
118	6504	0.0	2	6132 260 112
119	4801	0.0	2	4483 237 81
120	4660	0.0	2	4385 208 67
121	6260	0.0	2	5857 309 94
122	8453	0.0	2	7977 367 109
123	11511	0.0	2	10840 526 145
124	14973	0.0	2	14109 666 198
125	88893	0.0	2	84185 3591 1117
126	1053755	0.0	2	1003805 36533 13417
127	367849	0.0	2	348008 14887 4954
128	69486	0.0	2	64966 3467 1053
129	39969	0.0	2	37024 2324 621
130	18011	0.0	2	16775 971 265
131	10304	0.0	2	9591 550 163
132	5821	0.0	2	5348 369 104
133	2584	0.0	2	2335 187 62
134	2912	0.0	2	2604 224 84
135	3111	0.0	2	2748 273 90
136	3553	0.0	2	2835 566 152
137	17745	0.0	2	14463 2614 668
138	1899	0.0	2	492 656 751
139	853	0.0	2	243 250 360
140	432	0.0	2	186 80 166
